---
source: spath/src/json/tests.rs
expression: "assert_testdata_identical(\"rfc-9535-example-10.json\")"
snapshot_kind: text
---
{"a":null,"b":[null],"c":[{}],"null":1}
