---
source: spath/src/json/tests.rs
expression: "assert_testdata_identical(\"rfc-9535-example-4.json\")"
snapshot_kind: text
---
['a','b']
