---
source: spath/src/json/tests.rs
expression: "assert_testdata_identical(\"rfc-9535-example-5.json\")"
snapshot_kind: text
---
['a','b','c','d','e','f','g']
