---
source: spath/src/json/tests.rs
expression: "assert_testdata_identical(\"rfc-9535-example-6.json\")"
snapshot_kind: text
---
{"arr":[2,3],"obj":{"x":'y'}}
