---
source: spath/src/json/tests.rs
expression: "assert_testdata_identical(\"rfc-9535-example-2.json\")"
snapshot_kind: text
---
{"'":{"@":2},"o":{"j j":{"k.k":3}}}
